// Jest Snapshot v1, https://goo.gl/fbAQLP

exports[`CurrentWeather component renders without errors 1`] = `
<div
  className="current-weather"
>
  <div>
    <p>
      <strong />
    </p>
    <h1>
      NaN
      Â°F
    </h1>
    <p>
      test description
    </p>
    <p
      style={
        Object {
          "color": "rgb(255, 181, 43)",
        }
      }
    >
       Sunset: 
      2:17:36 AM
    </p>
    <p
      style={
        Object {
          "color": "rgb(150, 72, 0)",
        }
      }
    >
       Goldenhour: 
      1:17:36 AM
    </p>
  </div>
</div>
`;
