// Jest Snapshot v1, https://goo.gl/fbAQLP

exports[`Footer component renders without errors 1`] = `
<div>
  <footer>
    ShootCast 2020
  </footer>
</div>
`;
