// Jest Snapshot v1, https://goo.gl/fbAQLP

exports[`Registration Component should render 1`] = `
<form
  className="reg-form"
  onSubmit={[Function]}
>
  <fieldset>
    <div
      className="reg-container"
    >
      <h1>
        Register
      </h1>
      <p>
        Please fill in this form to create an account.
      </p>
      <label
        htmlFor="username"
      >
        <b>
          Username
        </b>
      </label>
      <input
        id="username"
        name="username"
        onChange={[Function]}
        placeholder="Enter Username"
        required={true}
        type="text"
      />
      <br />
      <label
        htmlFor="password"
      >
        <b>
          Password
        </b>
      </label>
      <input
        id="password"
        name="password"
        onChange={[Function]}
        placeholder="Enter Password"
        required={true}
        type="password"
      />
      <br />
      <label
        htmlFor="password-repeat"
      >
        <b>
          Repeat Password
        </b>
      </label>
      <input
        id="password-repeat"
        name="password-repeat"
        onChange={[Function]}
        placeholder="Repeat Password"
        required={true}
        type="password"
      />
      <br />
      <button
        className="registerbtn"
        type="submit"
      >
        Register
      </button>
      <a
        href="/"
        onClick={[Function]}
      >
        <button
          className="cancelbtn"
          type="button"
        >
          Cancel
        </button>
      </a>
    </div>
  </fieldset>
</form>
`;
